// Jest Snapshot v1, https://goo.gl/fbAQLP

exports[`/libs/fake-api api _configModes should prepare a ready to be used config by default 1`] = `
Object {
  "fastNetwork": Array [
    Object {
      "delay": 150,
      "pattern": /\\\\/\\(\\\\\\.\\*\\)/,
    },
  ],
  "slowEndPoint": Array [
    Object {
      "delay": 4000,
      "pattern": /\\\\/course\\\\/\\(\\\\\\.\\*\\)/,
    },
    Object {
      "delay": 2000,
      "pattern": /\\\\/\\(\\\\\\.\\*\\)/,
    },
  ],
  "slowNetwork": Array [
    Object {
      "delay": 4000,
      "pattern": /\\\\/\\(\\\\\\.\\*\\)/,
    },
  ],
}
`;
